// Jest Snapshot v1, https://goo.gl/fbAQLP

exports[`snapshot counterbutton component 1`] = `
"<button id=\\"counter\\" color=\\"red\\" onClick={[Function]}>
  Count: 
  0
</button>"
`;
